     1 00000000                                 [FORMAT "WCOFF"]
     2 00000000                                 [INSTRSET "i486p"]
     3 00000000                                 [OPTIMIZE 1]
     4 00000000                                 [OPTION 1]
     5 00000000                                 [BITS 32]
     6 00000000                                 [FILE "bootpack.c"]
     7                                          [SECTION .data]
     8 00000000                                 _table_rgb.0:
     9 00000000 00                              	DB	0
    10 00000001 00                              	DB	0
    11 00000002 00                              	DB	0
    12 00000003 FF                              	DB	-1
    13 00000004 00                              	DB	0
    14 00000005 00                              	DB	0
    15 00000006 00                              	DB	0
    16 00000007 FF                              	DB	-1
    17 00000008 00                              	DB	0
    18 00000009 FF                              	DB	-1
    19 0000000A FF                              	DB	-1
    20 0000000B 00                              	DB	0
    21 0000000C 00                              	DB	0
    22 0000000D 00                              	DB	0
    23 0000000E FF                              	DB	-1
    24 0000000F FF                              	DB	-1
    25 00000010 00                              	DB	0
    26 00000011 FF                              	DB	-1
    27 00000012 00                              	DB	0
    28 00000013 FF                              	DB	-1
    29 00000014 FF                              	DB	-1
    30 00000015 FF                              	DB	-1
    31 00000016 FF                              	DB	-1
    32 00000017 FF                              	DB	-1
    33 00000018 C6                              	DB	-58
    34 00000019 C6                              	DB	-58
    35 0000001A C6                              	DB	-58
    36 0000001B 84                              	DB	-124
    37 0000001C 00                              	DB	0
    38 0000001D 00                              	DB	0
    39 0000001E 00                              	DB	0
    40 0000001F 84                              	DB	-124
    41 00000020 00                              	DB	0
    42 00000021 84                              	DB	-124
    43 00000022 84                              	DB	-124
    44 00000023 00                              	DB	0
    45 00000024 00                              	DB	0
    46 00000025 00                              	DB	0
    47 00000026 84                              	DB	-124
    48 00000027 84                              	DB	-124
    49 00000028 00                              	DB	0
    50 00000029 84                              	DB	-124
    51 0000002A 00                              	DB	0
    52 0000002B 84                              	DB	-124
    53 0000002C 84                              	DB	-124
    54 0000002D 84                              	DB	-124
    55 0000002E 84                              	DB	-124
    56 0000002F 84                              	DB	-124
